2025-10-24 10:17:31,165 - app.scripts.data_ingestion - INFO - Connected to MongoDB: fake_news_detection using PyMongo
2025-10-24 10:17:35,736 - app.scripts.data_ingestion - INFO - Spark session created for MapReduce: FakeNewsDetection
2025-10-24 10:17:42,674 - app.scripts.data_ingestion - INFO - Bulk upsert complete: 6351 upserted, 34550 modified
2025-10-24 10:17:42,681 - app.scripts.data_ingestion - INFO - Processed 40949 videos from US
2025-10-24 10:17:47,948 - app.scripts.data_ingestion - INFO - Bulk upsert complete: 2256 upserted, 36512 modified
2025-10-24 10:17:47,956 - app.scripts.data_ingestion - INFO - Processed 38916 videos from GB
2025-10-24 10:18:07,235 - app.scripts.data_ingestion - INFO - Bulk upsert complete: 28311 upserted, 12529 modified
2025-10-24 10:18:07,245 - app.scripts.data_ingestion - INFO - Processed 40840 videos from DE
2025-10-24 10:18:20,647 - app.scripts.data_ingestion - INFO - Bulk upsert complete: 17618 upserted, 23263 modified
2025-10-24 10:18:20,654 - app.scripts.data_ingestion - INFO - Processed 40881 videos from CA
2025-10-24 10:18:39,145 - app.scripts.data_ingestion - INFO - Bulk upsert complete: 24872 upserted, 15852 modified
2025-10-24 10:18:39,153 - app.scripts.data_ingestion - INFO - Processed 40724 videos from FR
2025-10-24 10:18:51,525 - app.scripts.data_ingestion - INFO - Bulk upsert complete: 14599 upserted, 19866 modified
2025-10-24 10:18:51,531 - app.scripts.data_ingestion - INFO - Processed 37352 videos from IN
2025-10-24 10:18:51,566 - app.scripts.data_ingestion - ERROR - Error during data ingestion: 'utf-8' codec can't decode bytes in position 215323-215324: invalid continuation byte
2025-10-24 10:18:51,566 - app.scripts.data_ingestion - ERROR - Error in main execution: 'utf-8' codec can't decode bytes in position 215323-215324: invalid continuation byte
2025-10-24 10:21:12,597 - app.scripts.data_ingestion - INFO - Connected to MongoDB: fake_news_detection using PyMongo
2025-10-24 10:22:09,210 - app.scripts.data_ingestion - INFO - Spark session created for MapReduce: FakeNewsDetection
2025-10-24 10:22:14,391 - app.scripts.data_ingestion - INFO - Successfully read USvideos.csv with utf-8 encoding
2025-10-24 10:23:04,575 - app.scripts.data_ingestion - INFO - Bulk upsert complete: 0 upserted, 40949 modified
2025-10-24 10:23:04,582 - app.scripts.data_ingestion - INFO - Processed 40949 videos from US
2025-10-24 10:23:04,912 - app.scripts.data_ingestion - INFO - Successfully read GBvideos.csv with utf-8 encoding
2025-10-24 10:23:10,542 - app.scripts.data_ingestion - INFO - Bulk upsert complete: 0 upserted, 38847 modified
2025-10-24 10:23:10,547 - app.scripts.data_ingestion - INFO - Processed 38916 videos from GB
2025-10-24 10:23:10,902 - app.scripts.data_ingestion - INFO - Successfully read DEvideos.csv with utf-8 encoding
2025-10-24 10:23:30,515 - app.scripts.data_ingestion - INFO - Bulk upsert complete: 0 upserted, 40840 modified
2025-10-24 10:23:30,521 - app.scripts.data_ingestion - INFO - Processed 40840 videos from DE
2025-10-24 10:23:30,873 - app.scripts.data_ingestion - INFO - Successfully read CAvideos.csv with utf-8 encoding
2025-10-24 10:23:45,904 - app.scripts.data_ingestion - INFO - Bulk upsert complete: 0 upserted, 40881 modified
2025-10-24 10:23:45,909 - app.scripts.data_ingestion - INFO - Processed 40881 videos from CA
2025-10-24 10:23:46,267 - app.scripts.data_ingestion - INFO - Successfully read FRvideos.csv with utf-8 encoding
2025-10-24 10:24:02,086 - app.scripts.data_ingestion - INFO - Bulk upsert complete: 0 upserted, 40724 modified
2025-10-24 10:24:02,091 - app.scripts.data_ingestion - INFO - Processed 40724 videos from FR
2025-10-24 10:24:02,420 - app.scripts.data_ingestion - INFO - Successfully read INvideos.csv with utf-8 encoding
2025-10-24 10:24:12,646 - app.scripts.data_ingestion - INFO - Bulk upsert complete: 0 upserted, 36166 modified
2025-10-24 10:24:12,651 - app.scripts.data_ingestion - INFO - Processed 37352 videos from IN
2025-10-24 10:24:12,814 - app.scripts.data_ingestion - INFO - Successfully read JPvideos.csv with utf-8 encoding
2025-10-24 10:24:16,779 - app.scripts.data_ingestion - INFO - Bulk upsert complete: 12188 upserted, 6588 modified
2025-10-24 10:24:16,781 - app.scripts.data_ingestion - INFO - Processed 20523 videos from JP
2025-10-24 10:24:16,971 - app.scripts.data_ingestion - INFO - Successfully read KRvideos.csv with utf-8 encoding
2025-10-24 10:24:22,609 - app.scripts.data_ingestion - INFO - Bulk upsert complete: 14861 upserted, 19268 modified
2025-10-24 10:24:22,614 - app.scripts.data_ingestion - INFO - Processed 34567 videos from KR
2025-10-24 10:24:22,894 - app.scripts.data_ingestion - INFO - Successfully read MXvideos.csv with utf-8 encoding
2025-10-24 10:24:34,788 - app.scripts.data_ingestion - INFO - Bulk upsert complete: 31186 upserted, 9265 modified
2025-10-24 10:24:34,795 - app.scripts.data_ingestion - INFO - Processed 40451 videos from MX
2025-10-24 10:24:35,268 - app.scripts.data_ingestion - INFO - Successfully read RUvideos.csv with utf-8 encoding
2025-10-24 10:24:50,068 - app.scripts.data_ingestion - INFO - Bulk upsert complete: 32043 upserted, 8694 modified
2025-10-24 10:24:50,074 - app.scripts.data_ingestion - INFO - Processed 40737 videos from RU
2025-10-24 10:24:50,108 - app.scripts.data_ingestion - INFO - Data ingestion completed successfully
2025-10-24 10:28:06,104 - app.scripts.data_ingestion - INFO - Connected to MongoDB: fake_news_detection using PyMongo
2025-10-24 10:28:06,104 - app.scripts.data_ingestion - ERROR - Error during data ingestion: name 'SparkSession' is not defined
2025-10-24 10:28:06,105 - app.scripts.data_ingestion - ERROR - Error in main execution: name 'SparkSession' is not defined
2025-10-24 10:31:40,107 - app.scripts.data_ingestion - INFO - Connected to MongoDB: fake_news_detection
2025-10-24 10:31:40,127 - app.scripts.data_ingestion - INFO - US categories: 32 upserted, 0 modified
2025-10-24 10:31:40,139 - app.scripts.data_ingestion - INFO - GB categories: 31 upserted, 0 modified
2025-10-24 10:31:40,151 - app.scripts.data_ingestion - INFO - DE categories: 31 upserted, 0 modified
2025-10-24 10:31:40,163 - app.scripts.data_ingestion - INFO - CA categories: 31 upserted, 0 modified
2025-10-24 10:31:40,175 - app.scripts.data_ingestion - INFO - FR categories: 31 upserted, 0 modified
2025-10-24 10:31:40,186 - app.scripts.data_ingestion - INFO - IN categories: 31 upserted, 0 modified
2025-10-24 10:31:40,197 - app.scripts.data_ingestion - INFO - JP categories: 31 upserted, 0 modified
2025-10-24 10:31:40,208 - app.scripts.data_ingestion - INFO - KR categories: 31 upserted, 0 modified
2025-10-24 10:31:40,220 - app.scripts.data_ingestion - INFO - MX categories: 31 upserted, 0 modified
2025-10-24 10:31:40,233 - app.scripts.data_ingestion - INFO - RU categories: 31 upserted, 0 modified
2025-10-24 10:31:40,233 - app.scripts.data_ingestion - INFO - Category update completed successfully
2025-10-24 10:36:33,124 - app.scripts.data_ingestion - INFO - Connected to MongoDB: fake_news_detection
2025-10-24 10:36:33,124 - app.scripts.data_ingestion - INFO - Processing US videos...
2025-10-24 10:39:09,345 - app.scripts.data_ingestion - INFO - US videos: 6351 inserted, 34598 updated
2025-10-24 10:39:09,362 - app.scripts.data_ingestion - INFO - Processing US categories...
2025-10-24 10:39:09,364 - app.scripts.data_ingestion - INFO - US categories: 0 inserted, 32 updated
2025-10-24 10:39:09,364 - app.scripts.data_ingestion - INFO - Processing GB videos...
2025-10-24 10:40:02,185 - app.scripts.data_ingestion - INFO - GB videos: 3272 inserted, 35644 updated
2025-10-24 10:40:02,199 - app.scripts.data_ingestion - INFO - Processing GB categories...
2025-10-24 10:40:02,201 - app.scripts.data_ingestion - INFO - GB categories: 0 inserted, 31 updated
2025-10-24 10:40:02,201 - app.scripts.data_ingestion - INFO - Processing DE videos...
2025-10-24 10:44:30,568 - app.scripts.data_ingestion - INFO - DE videos: 29627 inserted, 11213 updated
2025-10-24 10:44:30,594 - app.scripts.data_ingestion - INFO - Processing DE categories...
2025-10-24 10:44:30,597 - app.scripts.data_ingestion - INFO - DE categories: 0 inserted, 31 updated
2025-10-24 10:44:30,597 - app.scripts.data_ingestion - INFO - Processing CA videos...
2025-10-24 10:46:44,031 - app.scripts.data_ingestion - INFO - MongoDB connection closed
